// Jest Snapshot v1, https://goo.gl/fbAQLP

exports[`matches snapshot 1`] = `
<button
  className="button-search"
  data-testid="button"
  type="submit"
>
  Search
</button>
`;
